[dotenv@17.3.1] injecting env (2) from .env.local -- tip: ΓÜÖ∩╕Å  override existing env vars with { override: true }
npx : SUPABASE ERROR: 
{
At line:1 char:1
+ npx tsx 
test-insert.ts > 
test_output.txt 2>&1
+ ~~~~~~~~~~~~~~~~~~~~
~~~~~~~~~~~~~~~~~~~~~~
~~~
    + CategoryInfo    
          : NotSpeci  
  fied: (SUPABASE E   
 RROR: {:String) [    
], RemoteExceptio    n
    + FullyQualifiedE 
   rrorId : NativeCo  
  mmandError
 
  code: '23503',
  details: 'Key is 
not present in table 
"users".',
  hint: null,
  message: 'insert or 
update on table 
"members" violates 
foreign key 
constraint 
"members_id_fkey"'
}
